// Jest Snapshot v1, https://goo.gl/fbAQLP

exports[`Bookings test should match snapshot 1`] = `ShallowWrapper {}`;
